// Jest Snapshot v1, https://goo.gl/fbAQLP

exports[`Price renders correctly 1`] = `Â£9.99`;
