// Jest Snapshot v1, https://goo.gl/fbAQLP

exports[`Popover renders correctly 1`] = `
.c0 {
  position: relative;
  display: -webkit-inline-box;
  display: -webkit-inline-flex;
  display: -ms-inline-flexbox;
  display: inline-flex;
  -webkit-flex-direction: column;
  -ms-flex-direction: column;
  flex-direction: column;
  -webkit-align-items: flex-start;
  -webkit-box-align: flex-start;
  -ms-flex-align: flex-start;
  align-items: flex-start;
}

.c2 {
  position: absolute;
  top: 100%;
  background-color: #ffffff;
  -webkit-align-items: center;
  -webkit-box-align: center;
  -ms-flex-align: center;
  align-items: center;
  box-shadow: 0px 2px 6px rgba(51,51,51,0.16);
  border-radius: 0.8rem;
  margin-top: 0.8rem;
  padding: 1.6rem;
  min-width: 25rem;
  max-width: 90vw;
  width: auto;
  z-index: 1;
}

.c2 .visually-hidden {
  border: 0;
  -webkit-clip: rect(0 0 0 0);
  clip: rect(0 0 0 0);
  height: 1px;
  margin: -1px;
  overflow: hidden;
  padding: 0;
  position: absolute;
  width: 1px;
  white-space: nowrap;
  word-wrap: normal;
}

.c1 {
  display: inline;
}

.c3 {
  margin: 0;
  font-family: BrandonGrotesque-Bold,Arial,Helvetica,sans-serif;
  color: #333333;
  font-size: 1.8rem;
  line-height: 140%;
  font-weight: 450;
}

<div>
  <div
    class="c0"
  >
    <span
      class="c1"
    >
      <button
        aria-controls="popover-id"
        aria-expanded="true"
        id="popover-id-trigger"
      >
        Trigger
      </button>
    </span>
    <div
      aria-labelledby="popover-title"
      class="c2"
      id="popover-id"
      tabindex="-1"
      width="auto"
    >
      <h2
        class="c3"
        id="popover-title"
      >
        Popover Title
      </h2>
      <p>
        Popover Content
      </p>
    </div>
  </div>
</div>
`;
