// Jest Snapshot v1, https://goo.gl/fbAQLP

exports[`Option renders correctly 1`] = `
<div>
  <option
    value=""
  >
    Foo
  </option>
</div>
`;
