// Jest Snapshot v1, https://goo.gl/fbAQLP

exports[`Select renders correctly 1`] = `
.c0 {
  background: #ffffff;
  box-sizing: border-box;
  font-size: 1rem;
  display: -webkit-box;
  display: -webkit-flex;
  display: -ms-flexbox;
  display: flex;
  -webkit-flex-direction: column;
  -ms-flex-direction: column;
  flex-direction: column;
  overflow: hidden;
  -webkit-box-pack: justify;
  -webkit-justify-content: space-between;
  -ms-flex-pack: justify;
  justify-content: space-between;
  position: relative;
}

.c0.select-large {
  width: 100%;
}

.c0.select-small {
  width: 70px;
}

.c1 {
  position: absolute;
  right: 15px;
  top: 50%;
  z-index: 3;
  -webkit-transform: translateY(-50%);
  -ms-transform: translateY(-50%);
  transform: translateY(-50%);
  display: -webkit-box;
  display: -webkit-flex;
  display: -ms-flexbox;
  display: flex;
}

<div>
  <div
    class="c0 select-large"
  >
    <div
      class="c1"
    >
      <svg
        aria-hidden="true"
        color="#00594C"
        data-testid="CHEVRON"
        focusable="false"
        font-size="1.4rem"
        height="1em"
        viewBox="0 0 14 8"
        width="1em"
        xmlns="http://www.w3.org/2000/svg"
      >
        <path
          d="M.293.293a1 1 0 0 1 1.414 0L7 5.586 12.293.293a1 1 0 1 1 1.414 1.414l-6 6a1 1 0 0 1-1.414 0l-6-6a1 1 0 0 1 0-1.414Z"
          fill="currentColor"
        />
      </svg>
    </div>
    <select
      class="class-prop"
      data-testid="selectTestId"
      id="select"
      name="test-name"
    >
      <option
        value="select-option"
      >
        Select Option
      </option>
      <option
        value="wrong-item"
      >
        Wrong Item in Parcel
      </option>
    </select>
  </div>
</div>
`;
