// Jest Snapshot v1, https://goo.gl/fbAQLP

exports[`NumberInput renders correctly 1`] = `
.c0 button {
  background-color: #ffffff;
  color: #00594C;
  line-height: 2;
  padding: 0 14px;
  font-weight: 800;
  font-size: 1.6rem;
  border: 1px solid #EEEEEF;
  border-radius: 4px;
}

.c0 button:disabled {
  opacity: 0.3;
  pointer-events: none;
  -webkit-user-select: none;
  -moz-user-select: none;
  -ms-user-select: none;
  user-select: none;
  cursor: default;
}

.c1 {
  padding: 0.7rem 1.5rem;
  margin: 0 5px 0;
  border: none;
  border-radius: 4px;
  text-align: center;
  -moz-appearance: textfield;
}

.c1::-webkit-outer-spin-button,
.c1::-webkit-inner-spin-button {
  -webkit-appearance: none;
  margin: 0;
}

<div>
  <div
    class="c0"
  >
    <button
      aria-describedby="idProp"
      disabled=""
      role="button"
      type="button"
    >
      â€“
    </button>
    <input
      class="c1"
      id="idProp"
      max="30"
      min="0"
      role="input"
      type="number"
      value="0"
    />
    <button
      aria-describedby="idProp"
      role="button"
      type="button"
    >
      +
    </button>
  </div>
</div>
`;
