// Jest Snapshot v1, https://goo.gl/fbAQLP

exports[`Combobox  Should render correctly 1`] = `<div />`;
