// Jest Snapshot v1, https://goo.gl/fbAQLP

exports[`CheckBox renders  correctly 1`] = `
.c0 {
  position: relative;
}

.c3 {
  font-family: Helvetica,Arial,sans-serif;
  font-weight: 500;
  font-size: 1.6rem;
  margin-left: 2.8rem;
  margin-right: 1.8rem;
  display: inline-block;
  cursor: pointer;
  margin-top: 3rem;
}

.c3::before {
  content: '';
  position: absolute;
  display: inline-block;
  border-radius: 25%;
  border: 1px solid #bebebe;
  left: -1.75rem;
  top: 50%;
  border-radius: 22%;
  width: 2.1rem;
  height: 2.1rem;
  background: transparent;
  -webkit-transform: translateY(-50%);
  -ms-transform: translateY(-50%);
  transform: translateY(-50%);
  margin-left: 1.5rem;
  margin-top: 1.5rem;
}

.c4 {
  position: absolute;
  width: 2rem;
  height: 2rem;
  display: none;
  top: 5px;
  left: 0.5px;
  margin-top: 2.7rem;
}

.c1 {
  border: 0;
  -webkit-clip: rect(0 0 0 0);
  clip: rect(0 0 0 0);
  height: 1px;
  margin: -1px;
  overflow: hidden;
  padding: 0;
  position: absolute;
  width: 1px;
  white-space: nowrap;
  word-wrap: normal;
}

.c1:checked ~ label > div {
  display: block;
}

.c1:checked ~ label::before {
  content: '';
  border-radius: 22%;
  background: #0000FF;
  border: 1px solid #0047AB;
}

.c1:focus + .c2::before {
  outline: 1px solid #1F51FF;
  outline-offset: 2px;
}

.c1:disabled ~ .c2 {
  cursor: default;
}

.c1:disabled ~ .c2::before {
  background: #EEEEEF;
  cursor: default;
  border: 1px solid #CDCDCD;
}

<div>
  <div
    class="c0"
  >
    <input
      class="c1"
      id="1"
      type="checkbox"
      value="opt1"
    />
    <label
      class="c2 c3"
      for="1"
    >
      <div
        class="c4"
      >
        <svg
          aria-hidden="true"
          color="white"
          focusable="false"
          height="1em"
          viewBox="0 0 18 14"
          width="1em"
          xmlns="http://www.w3.org/2000/svg"
        >
          <path
            d="M17.707.793a1 1 0 0 1 0 1.414l-11 11a1 1 0 0 1-1.414 0l-5-5a1 1 0 0 1 1.414-1.414L6 11.086 16.293.793a1 1 0 0 1 1.414 0Z"
            fill="currentColor"
          />
        </svg>
      </div>
      label1
    </label>
  </div>
</div>
`;
