// Jest Snapshot v1, https://goo.gl/fbAQLP

exports[`Text renders correctly 1`] = `
.c0 {
  margin: 0;
  font-weight: 400;
  font-family: Helvetica,Arial,sans-serif;
  color: #333333;
  font-size: 1.6rem;
  line-height: 160%;
}

<div>
  <p
    class="c0"
  >
    Text
  </p>
</div>
`;
