// Jest Snapshot v1, https://goo.gl/fbAQLP

exports[`MobileAccordion renders without errors and matches snapshot 1`] = `
.c2 {
  margin: 0;
  font-family: BrandonGrotesque-Bold,Arial,Helvetica,sans-serif;
  color: #333333;
  font-size: 1.6rem;
  line-height: 160%;
  font-weight: 450;
}

.c0 {
  font-family: Helvetica,Arial,sans-serif;
  font-size: 1rem;
  line-height: 1.2rem;
  margin: 0;
  padding: 0;
  display: -webkit-box;
  display: -webkit-flex;
  display: -ms-flexbox;
  display: flex;
  -webkit-flex-direction: column;
  -ms-flex-direction: column;
  flex-direction: column;
  overflow: hidden;
  box-shadow: 0px 8px 24px rgba(51,51,51,0.16);
  border-radius: 8px 8px 0px 0px;
  padding: 2.4rem;
}

.c0:focus:not(:focus-visible) {
  outline: none;
}

.c0:focus-visible {
  outline: 0.125rem solid #212529;
}

.c0 h1 {
  color: #333;
  font-size: 3.2rem;
  line-height: 1.75;
  margin: 0 0 1rem;
}

.c0 h2 {
  color: #00594c;
  font-size: 2.4rem;
  line-height: 1.75;
  margin: 0 0 1rem;
}

.c0 p {
  font-size: 1.6rem;
}

.c1 {
  display: -webkit-box;
  display: -webkit-flex;
  display: -ms-flexbox;
  display: flex;
  -webkit-align-items: center;
  -webkit-box-align: center;
  -ms-flex-align: center;
  align-items: center;
  -webkit-box-pack: justify;
  -webkit-justify-content: space-between;
  -ms-flex-pack: justify;
  justify-content: space-between;
  background-color: Transparent;
  padding-bottom: 0.4rem;
  border: 0;
  margin: 0.125rem;
  position: relative;
}

.c1 h2 {
  margin: 0;
  color: #333333;
  font-size: 1.6rem;
  line-height: 160%;
}

.c3 {
  height: 0;
  overflow: auto;
  visibility: hidden;
  padding: 0;
  -ms-overflow-style: none;
  -webkit-scrollbar-width: none;
  -moz-scrollbar-width: none;
  -ms-scrollbar-width: none;
  scrollbar-width: none;
  padding: 0.4rem 0;
  height: 100%;
  display: block;
  visibility: visible;
}

.c3::-webkit-scrollbar {
  display: none;
}

@media screen and (min-width:768px) {
  .c0 {
    border-radius: 8px;
  }
}

<div
  class="c0"
>
  <div
    class="c1"
  >
    <h2
      class="c2"
    >
      Mobile accordion title
    </h2>
  </div>
  <div
    class="c3"
  >
    Mobile accordion content
  </div>
</div>
`;
