// Jest Snapshot v1, https://goo.gl/fbAQLP

exports[`DeliveryOptions renders options correctly 1`] = `
.c0 {
  list-style: none;
  display: -webkit-box;
  display: -webkit-flex;
  display: -ms-flexbox;
  display: flex;
  -webkit-flex-direction: column;
  -ms-flex-direction: column;
  flex-direction: column;
  gap: 1.6rem;
  padding: 0;
  margin: 0;
}

.c0 .free-option {
  margin-left: 1.6rem;
  color: #F7403A;
}

.c2 {
  margin: 0;
  font-family: BrandonGrotesque-Bold,Arial,Helvetica,sans-serif;
  color: #333333;
  font-size: 1.8rem;
  line-height: 140%;
  font-weight: 450;
}

.c1 {
  display: -webkit-box;
  display: -webkit-flex;
  display: -ms-flexbox;
  display: flex;
  -webkit-box-pack: start;
  -webkit-justify-content: flex-start;
  -ms-flex-pack: start;
  justify-content: flex-start;
  -webkit-align-items: center;
  -webkit-box-align: center;
  -ms-flex-align: center;
  align-items: center;
  list-style: none;
  border: 1px solid #EEEEEF;
  background: #ffffff;
  border-radius: 8px;
  padding: 1.6rem;
  cursor: pointer;
}

.c1.active {
  border: 1px solid #7FC1BA;
  background: rgba(3,134,120,0.1);
}

.c1.active .radio {
  border: 1px solid #00594C;
}

.c1.active .radio > span {
  background: #00594C;
}

.c1 .details {
  margin-left: 2.6rem;
}

.c1 .radio {
  display: block;
  border: 1px solid #bebebe;
  border-radius: 50%;
}

.c1 .radio > span {
  display: block;
  width: 10px;
  height: 10px;
  margin: 3px;
  border-radius: 50%;
  background: transparent;
}

.c3 {
  margin: 0;
  font-weight: 400;
  font-family: Helvetica,Arial,sans-serif;
  color: #333333;
  font-size: 1.6rem;
  line-height: 160%;
}

<div>
  <ul
    class="c0"
  >
    <li
      class="c1 active"
    >
      <div
        class="radio"
      >
        <span />
      </div>
      <div
        class="details"
      >
        <h2
          class="c2"
        >
          Next Day Delivery
        </h2>
        <p
          class="c3"
        >
          Order before
           
          9 pm
        </p>
        <p
          class="c3"
        >
          Delivery on or before
           
          Wed, 2 Nov
        </p>
        <p
          class="c3"
        >
          £4.99
        </p>
      </div>
    </li>
    <li
      class="c1"
    >
      <div
        class="radio"
      >
        <span />
      </div>
      <div
        class="details"
      >
        <h2
          class="c2"
        >
          Standard Delivery
        </h2>
        <p
          class="c3"
        >
          Order before
           
          8 pm
        </p>
        <p
          class="c3"
        >
          Delivery on or before
           
          Sat, 5 Nov
        </p>
        <p
          class="c3"
        >
          £3.49
        </p>
      </div>
    </li>
    <li
      class="c1"
    >
      <div
        class="radio"
      >
        <span />
      </div>
      <div
        class="details"
      >
        <h2
          class="c2"
        >
          Nominated Day Delivery
        </h2>
        <p
          class="c3"
        >
          Order before
           
          8 pm
        </p>
        <p
          class="c3"
        >
          Delivery on or before
           
          Thu, 3 Nov
        </p>
        <p
          class="c3"
        >
          £4.99
        </p>
      </div>
    </li>
    <li
      class="c1"
    >
      <div
        class="radio"
      >
        <span />
      </div>
      <div
        class="details"
      >
        <h2
          class="c2"
        >
          Nominated Day Delivery
        </h2>
        <p
          class="c3"
        >
          Order before
           
          8 pm
        </p>
        <p
          class="c3"
        >
          Delivery on or before
           
          Fri, 4 Nov
        </p>
        <p
          class="c3"
        >
          £4.99
        </p>
      </div>
    </li>
  </ul>
</div>
`;
