// Jest Snapshot v1, https://goo.gl/fbAQLP

exports[`FormControl renders correctly 1`] = `
<div>
  <div>
    Children
  </div>
</div>
`;
