// Jest Snapshot v1, https://goo.gl/fbAQLP

exports[`Toggle renders correctly 1`] = `
.c0 {
  display: -webkit-inline-box;
  display: -webkit-inline-flex;
  display: -ms-inline-flexbox;
  display: inline-flex;
  -webkit-align-items: center;
  -webkit-box-align: center;
  -ms-flex-align: center;
  align-items: center;
  -webkit-flex-wrap: wrap;
  -ms-flex-wrap: wrap;
  flex-wrap: wrap;
  position: relative;
  -webkit-user-select: none;
  -moz-user-select: none;
  -ms-user-select: none;
  user-select: none;
  font-size: 1.6rem;
  font-family: BrandonGrotesque-Bold,Arial,Helvetica,sans-serif;
}

.c1 {
  border: 0;
  -webkit-clip: rect(0 0 0 0);
  clip: rect(0 0 0 0);
  height: 1px;
  margin: -1px;
  overflow: hidden;
  padding: 0;
  position: absolute;
  width: 1px;
  white-space: nowrap;
  word-wrap: normal;
}

.c1:focus + span {
  outline: 2px solid #018476;
  outline-offset: 2px;
}

.c1:checked:not(:disabled) + span {
  background-color: #00594C;
  border-color: #00594C;
}

.c1:checked:not(:disabled) + span:before {
  -webkit-transform: translate(1.6rem,-50%);
  -ms-transform: translate(1.6rem,-50%);
  transform: translate(1.6rem,-50%);
}

.c2 {
  display: -webkit-inline-box;
  display: -webkit-inline-flex;
  display: -ms-inline-flexbox;
  display: inline-flex;
  -webkit-align-items: center;
  -webkit-box-align: center;
  -ms-flex-align: center;
  align-items: center;
  -webkit-box-pack: space-around;
  -webkit-justify-content: space-around;
  -ms-flex-pack: space-around;
  justify-content: space-around;
  width: 4rem;
  height: 2.4rem;
  border-radius: 1.6rem;
  position: relative;
  background-color: #979797;
  border: 1px solid #979797;
  cursor: pointer;
  -webkit-transition: -webkit-transform 250ms;
  -webkit-transition: transform 250ms;
  transition: transform 250ms;
  margin-right: 1.7rem;
}

.c2:before {
  content: '';
  width: 2.2rem;
  height: 2.2rem;
  border-radius: 50%;
  background-color: #ffffff;
  position: absolute;
  z-index: 2;
  top: 50%;
  left: 0;
  -webkit-transform: translate(0,-50%);
  -ms-transform: translate(0,-50%);
  transform: translate(0,-50%);
  -webkit-transition: inherit;
  transition: inherit;
}

.c2.is-disabled {
  background-color: #EEEEEF;
  border-color: #EEEEEF;
  cursor: not-allowed;
}

.c2.is-disabled:before {
  background-color: #ADB5BD;
}

@media (prefers-reduced-motion:reduce) {
  .c2 {
    -webkit-transition: none;
    transition: none;
  }
}

<div>
  <label
    class="c0"
    for="toggle"
  >
    <input
      class="c1"
      id="toggle"
      name="toggle"
      type="checkbox"
    />
    <span
      class="c2"
    />
    Toggle
     
  </label>
</div>
`;
