// Jest Snapshot v1, https://goo.gl/fbAQLP

exports[`TextArea renders correctly 1`] = `
.c1 {
  min-height: 4.8rem;
  resize: vertical;
  width: 100%;
  padding: 1.6rem;
  font-size: 1.6rem;
  font-family: Helvetica,Arial,sans-serif;
  color: #333333;
  border: 1px solid #333333;
  border-radius: 0.4rem;
}

.c1::-webkit-input-placeholder {
  color: #979797;
}

.c1::-moz-placeholder {
  color: #979797;
}

.c1:-ms-input-placeholder {
  color: #979797;
}

.c1::placeholder {
  color: #979797;
}

.c1:disabled {
  background-color: #EEEEEF;
  border-color: #979797;
}

.c1:focus-visible {
  outline: none;
  border-color: #00594C;
  box-shadow: 0 0 6px rgba(0,89,76,0.4);
}

.c1.is-invalid {
  border-color: #D61616;
  padding-right: 5rem;
}

.c1.is-success {
  padding-right: 5rem;
}

.c0 {
  position: relative;
}

<div>
  <div
    class="c0"
  >
    <textarea
      class="c1 additional-class"
      id="textareaID"
      name="textareaName"
      placeholder="Placeholder text"
    />
  </div>
</div>
`;
