// Jest Snapshot v1, https://goo.gl/fbAQLP

exports[`AddressList renders card option correctly 1`] = `
.c1 {
  display: -webkit-box;
  display: -webkit-flex;
  display: -ms-flexbox;
  display: flex;
  -webkit-box-pack: start;
  -webkit-justify-content: flex-start;
  -ms-flex-pack: start;
  justify-content: flex-start;
  -webkit-align-items: center;
  -webkit-box-align: center;
  -ms-flex-align: center;
  align-items: center;
  list-style: none;
  border: 1px solid #EEEEEF;
  background: #ffffff;
  border-radius: 8px;
  padding: 1.6rem;
  cursor: pointer;
}

.c1.active {
  border: 1px solid #7FC1BA;
  background: rgba(3,134,120,0.1);
}

.c1.active .radio {
  border: 1px solid #00594C;
}

.c1.active .radio > span {
  background: #00594C;
}

.c1 .details {
  margin-left: 2.6rem;
}

.c1 .radio {
  display: block;
  border: 1px solid #bebebe;
  border-radius: 50%;
}

.c1 .radio > span {
  display: block;
  width: 10px;
  height: 10px;
  margin: 3px;
  border-radius: 50%;
  background: transparent;
}

.c0 {
  list-style: none;
  display: -webkit-box;
  display: -webkit-flex;
  display: -ms-flexbox;
  display: flex;
  -webkit-flex-direction: column;
  -ms-flex-direction: column;
  flex-direction: column;
  gap: 1.6rem;
  padding: 0;
  margin: 0;
}

<div>
  <ul
    class="c0"
  >
    <li
      class="c1 active"
    >
      <div
        class="radio"
      >
        <span />
      </div>
      <div
        class="details"
      >
        <p>
          Zack
           
          Amin
          ,
           
          22 some street
          , 
          Never land
          , 
          DS2 3CD
          , 
          GB
          <br />
        </p>
      </div>
    </li>
    <li
      class="c1"
    >
      <div
        class="radio"
      >
        <span />
      </div>
      <div
        class="details"
      >
        <p>
          Zack
           
          Amin
          ,
           
          12 High Road
          , 
          Flat 1
          , 
          Never land
          , 
          DS2 3CD
          , 
          GB
          <br />
        </p>
      </div>
    </li>
  </ul>
</div>
`;
