// Jest Snapshot v1, https://goo.gl/fbAQLP

exports[`Box renders correctly 1`] = `
.c0 {
  background-color: #ffffff;
  border-radius: 0.8rem;
  margin: 0;
  padding: 1.6rem;
}

<div
  class="c0"
>
  I am a box
</div>
`;
