// Jest Snapshot v1, https://goo.gl/fbAQLP

exports[`Container renders correctly 1`] = `
.c0 {
  width: 114rem;
  max-width: 100%;
  margin: 0 auto 0;
}

<div
  class="c0"
  width="114rem"
>
  <p>
    Adipisicing occaecat fugiat labore exercitation consectetur eu laboris aliquip fugiat. Incididunt dolor ipsum sint reprehenderit sunt quis ut ipsum Lorem. Amet labore laboris sit sint magna do. Reprehenderit consequat culpa veniam laboris adipisicing ut qui nostrud dolor elit.
  </p>
</div>
`;
