// Jest Snapshot v1, https://goo.gl/fbAQLP

exports[`CardGroup renders a card group correctly 1`] = `
.c0 {
  display: grid;
  max-width: 100%;
  grid-template-columns: repeat(auto-fit,minmax(314px,1fr));
  gap: 1.6rem;
}

.c1 {
  border-radius: 0.8rem;
  overflow: hidden;
  padding: 0;
  margin: 0;
  text-align: left;
  box-shadow: 0 0.2rem 0.6rem #33333324;
  position: relative;
  -webkit-transition: box-shadow 0.2s;
  transition: box-shadow 0.2s;
}

.c1:hover {
  box-shadow: 0 0.8rem 1.6rem #33333324;
}

.c1 .card-text {
  padding: 1.4rem;
  margin: 0;
  width: inherit;
}

.c1 .card-text a {
  text-align: inherit !important;
  width: inherit;
}

.c1 .card-text a:before {
  position: absolute;
  width: 100%;
  height: 100%;
  left: 0;
  top: 0;
  content: '';
}

.c1 .card-image img {
  aspect-ratio: 314/154;
  object-fit: cover;
  object-position: center;
  position: relative;
  display: block;
  width: 100%;
}

.c2.block {
  width: 100%;
  display: block;
}

<div>
  <div
    class="c0"
  >
    <figure
      class="c1"
    >
      <div
        class="card-image"
      >
        <img
          class="c2"
        />
      </div>
      <figcaption
        class="card-text"
      >
        Child
      </figcaption>
    </figure>
    <div
      class="c1"
    >
      <div
        class="card-text"
      >
        child
      </div>
    </div>
    <div
      class="c1"
    >
      <div
        class="card-text"
      >
        child
      </div>
    </div>
    <figure
      class="c1"
    >
      <div
        class="card-image"
      >
        <img
          class="c2"
        />
      </div>
      <figcaption
        class="card-text"
      >
        Child
      </figcaption>
    </figure>
  </div>
</div>
`;
